hn@MacBook-Pro-de-HN Angular % node --version
zsh: command not found: node
hn@MacBook-Pro-de-HN Angular % nvm install
zsh: command not found: nvm
hn@MacBook-Pro-de-HN Angular % nvm --version
zsh: command not found: nvm
hn@MacBook-Pro-de-HN Angular % curl -o- https://raw.githubusercontent.com/nvm-sh/nvm/v0.40.1/install.sh | bash
  % Total    % Received % Xferd  Average Speed   Time    Time     Time  Current
                                 Dload  Upload   Total   Spent    Left  Speed
100 16563  100 16563    0     0  74966      0 --:--:-- --:--:-- --:--:-- 79248
=> Downloading nvm from git to '/Users/hn/.nvm'
=> Cloning into '/Users/hn/.nvm'...
remote: Enumerating objects: 380, done.
remote: Counting objects: 100% (380/380), done.
remote: Compressing objects: 100% (323/323), done.
remote: Total 380 (delta 43), reused 179 (delta 29), pack-reused 0 (from 0)
Receiving objects: 100% (380/380), 382.75 KiB | 1.58 MiB/s, done.
Resolving deltas: 100% (43/43), done.
* (HEAD detached at FETCH_HEAD)
  master
=> Compressing and cleaning up git repository

=> Profile not found. Tried ~/.bashrc, ~/.bash_profile, ~/.zprofile, ~/.zshrc, and ~/.profile.
=> Create one of them and run this script again
   OR
=> Append the following lines to the correct file yourself:

export NVM_DIR="$HOME/.nvm"
[ -s "$NVM_DIR/nvm.sh" ] && \. "$NVM_DIR/nvm.sh"  # This loads nvm

=> Close and reopen your terminal to start using nvm or run the following to use it now:

export NVM_DIR="$HOME/.nvm"
[ -s "$NVM_DIR/nvm.sh" ] && \. "$NVM_DIR/nvm.sh"  # This loads nvm
hn@MacBook-Pro-de-HN Angular % nvm --version
zsh: command not found: nvm
hn@MacBook-Pro-de-HN Angular % export NVM_DIR="$([ -z "${XDG_CONFIG_HOME-}" ] && printf %s "${HOME}/.nvm" || printf %s "${XDG_CONFIG_HOME}/nvm")"
[ -s "$NVM_DIR/nvm.sh" ] && \. "$NVM_DIR/nvm.sh" # This loads nvm
hn@MacBook-Pro-de-HN Angular % nvm --version
0.40.1
hn@MacBook-Pro-de-HN Angular % node --version
zsh: command not found: node
hn@MacBook-Pro-de-HN Angular % nvm install 22
Downloading and installing node v22.12.0...
Downloading https://nodejs.org/dist/v22.12.0/node-v22.12.0-darwin-x64.tar.xz...
######################################################################### 100.0%
Computing checksum with shasum -a 256
Checksums matched!
Now using node v22.12.0 (npm v10.9.0)
Creating default alias: default -> 22 (-> v22.12.0)
hn@MacBook-Pro-de-HN Angular % node --version
v22.12.0
hn@MacBook-Pro-de-HN Angular % npm install -g @angular/cli

added 272 packages in 11s

51 packages are looking for funding
  run `npm fund` for details
hn@MacBook-Pro-de-HN Angular % ng serve
 Would you like to enable autocompletion? This will set up your terminal so 
pressing TAB while typing Angular CLI commands will show possible options and 
autocomplete arguments. (Enabling autocompletion will modify configuration files
 in your home directory.) yes
Appended `source <(ng completion script)` to `/Users/hn/.zshrc`. Restart your terminal or run the following to autocomplete `ng` commands:

    source <(ng completion script)
Initial chunk files | Names         |  Raw size
polyfills.js        | polyfills     |  90.20 kB | 
main.js             | main          |  18.18 kB | 
styles.css          | styles        |  95 bytes | 

                    | Initial total | 108.47 kB

Application bundle generation complete. [5.082 seconds]

Watch mode enabled. Watching for file changes...
NOTE: Raw file sizes do not reflect development server per-request transformations.
  ➜  Local:   http://localhost:4200/
  ➜  press h + enter to show help

No output file changes.

Application bundle generation complete. [0.017 seconds]

Page reload sent to client(s).
Initial chunk files | Names | Raw size
main.js             | main  | 18.10 kB | 

Application bundle generation complete. [0.298 seconds]

Page reload sent to client(s).
Initial chunk files | Names | Raw size
main.js             | main  |  1.40 kB | 

Application bundle generation complete. [0.121 seconds]

▲ [WARNING] TS-998113: All imports are unused [plugin angular-compiler]

    src/app/app.component.ts:6:2:
      6 │   imports: [RouterOutlet],
        ╵   ~~~~~~~


Page reload sent to client(s).
Initial chunk files | Names | Raw size
main.js             | main  |  1.54 kB | 

Application bundle generation complete. [0.116 seconds]

▲ [WARNING] TS-998113: All imports are unused [plugin angular-compiler]

    src/app/app.component.ts:6:2:
      6 │   imports: [RouterOutlet],
        ╵   ~~~~~~~


Page reload sent to client(s).

No output file changes.

Application bundle generation complete. [0.009 seconds]

▲ [WARNING] TS-998113: All imports are unused [plugin angular-compiler]

    src/app/app.component.ts:6:2:
      6 │   imports: [RouterOutlet],
        ╵   ~~~~~~~


Page reload sent to client(s).

